[0m[1m€ﬂﬂﬂ€€[0m [1m€ﬂﬂﬂ€€[0m [1m€€ﬂﬂ€€[0m                                    [31m€[1;37;41m‹[0;31m€€€[1;37;41m‹[0;31m€[1;37;41m‹‹‹‹[0;31m€[1;37;41m‹[0;31m€€€[1;37;41m‹[0;31m€€[1;37;41m‹‹‹[0;31m€[37m
[1m€[0m [1mﬂﬂ‹€[0m [1m€[0m [1mﬂﬂ‹€[0m [1m€[0m [1m€€‹€[0m    ‹‹  ‹‹  ‹‹‹‹                    [31m€[1;37m€[41mﬂ‹[0;31m€[1;37m€[0;31m€[1;37m€[41m‹‹[0;31m€€[1;37m€[0;31m€[1;37;41m‹[0;31m€[1;37m€[0;31m€[1;37;41mﬂ‹‹[0;31m€€[37m
[1m€[0m [1mﬂﬂ‹€[0m [1m€[0m [1mﬂﬂ‹€[0m [1m€‹ﬂﬂ‹€[0m   €   €  € € € €                   [31m€[1;37m€[0;31m€€[1;37;41mﬂ[40m€[0;31m€[1;37m€[41m‹‹‹[0;31m€[1;37m€[41mﬂ[0;31m€[1;37;41mﬂ[40m€[0;31m€[1;37;41m‹‹‹ﬂ[0;31m€[37m
[1mﬂﬂﬂﬂﬂﬂ[0m [1mﬂﬂﬂﬂﬂﬂ[0m [1mﬂﬂﬂﬂﬂﬂ[0m ﬂ  ﬂﬂ  ﬂﬂ  ﬂ ﬂ ﬂ                   [31mﬂﬂﬂﬂﬂﬂﬂﬂﬂﬂﬂﬂﬂﬂﬂﬂﬂﬂﬂﬂﬂﬂﬂ[37m
