ษออออออออออออออออออออออออออออออออออออออป
บ                                      บ
บ         * CASTLE ADVENTURE  *        บ
บ                                      บ
บ by Enrico Colombini & Chiara Tovena  บ
บ                                      บ
บ  (C) Dinosoft 1982,1984,1987,1996    บ
ศออออออออออออออออออออออออออออออออออออออผ

