
ฺฤฤฤฤฤฤฤฤฤฤฤฤฤฤฤฤฤฤฤฤฤฤฤฤฤฤฤฤฤฤฤฤฤฤฤฤฤฤฤฤฤฤฤฤฤฤฤฤฤฤฤฤฤฤฤฤฤฤฤฤฤฤฤฤฤฤฤฤฤฤฤฤฤฤฤฤฟ
ณ  Dinosoft presents an historic document: the first Italian text adventure  ณ
ภฤฤฤฤฤฤฤฤฤฤฤฤฤฤฤฤฤฤฤฤฤฤฤฤฤฤฤฤฤฤฤฤฤฤฤฤฤฤฤฤฤฤฤฤฤฤฤฤฤฤฤฤฤฤฤฤฤฤฤฤฤฤฤฤฤฤฤฤฤฤฤฤฤฤฤฤู
 ฿฿฿฿฿฿฿฿฿฿฿฿฿฿฿฿฿฿฿฿฿฿฿฿฿฿฿฿฿฿฿฿฿฿฿฿฿฿฿฿฿฿฿฿฿฿฿฿฿฿฿฿฿฿฿฿฿฿฿฿฿฿฿฿฿฿฿฿฿฿฿฿฿฿฿฿
           ษอออออออออออออออออออออออออออออออออออออออออออออออออออออออป
           บ        ษออป                ษออป                       บ
           บ        บ    A S T L E      ฬออน D V E N T U R E       บ
           บ        ศออผ                ส  ส                       บ
           ศอออออออออออออออออออออออออออออออออออออออออออออออออออออออผ
ฺฤฤฤฤฤฤฤฤฤฤฤฤฤฤฤฤฤฤฤฤฤฤฤฤฤฤฤฤฤฤฤฤฤฤฤฟ                        อต
ณ From the original adventure by:   ณ                         ณ
ณ - Enrico Colombini, Chiara Tovena ณ                   ฦอสอสอต
ณ (C) Dinosoft 1982,1984,1987,1986  ณ     ฦอุอต         ณ  ฐ  ณ         ฦอุอต
ณ Javascript adaption by:           ณ     ณ   ณ         ณ     ณ         ณ   ณ
ณ - Federico Volpini                ณ     ณ | ฦอสอสอสอสอสอสอสอสอสอสอสอสอต | ณ
ณ GraalVM adaption by:              ณ     ณ   ณ                         ณ   ณ
ณ - Francesco Sblendorio            ณ     ณ   ณ  ส   ส   ษอหอป   ส   ส  ณ   ณ
ณ Translation by: Adam Bishop       ณ     ณ   ณ          ฬอฮอน          ณ   ณ
ภฤฤฤฤฤฤฤฤฤฤฤฤฤฤฤฤฤฤฤฤฤฤฤฤฤฤฤฤฤฤฤฤฤฤฤู     ิอออฯออออออออออสอสอสออออออออออฯอออพ
 ÜÜÜÜÜÜÜÜÜÜÜÜÜÜÜÜÜÜÜÜÜÜÜÜÜÜÜÜÜÜÜÜÜÜÜÜÜÜÜÜÜÜÜÜÜÜÜÜÜÜÜÜÜÜÜÜÜÜÜÜÜÜÜÜÜÜÜÜÜÜÜÜÜÜÜÜ
ฺฤฤฤฤฤฤฤฤฤฤฤฤฤฤฤฤฤฤฤฤฤฤฤฤฤฤฤฤฤฤฤฤฤฤฤฤฤฤฤฤฤฤฤฤฤฤฤฤฤฤฤฤฤฤฤฤฤฤฤฤฤฤฤฤฤฤฤฤฤฤฤฤฤฤฤฤฟ
ณ   Distribution License: Attribution-NonCommercial-NoDerivatives 4.0 Intl.  ณ
ภฤฤฤฤฤฤฤฤฤฤฤฤฤฤฤฤฤฤฤฤฤฤฤฤฤฤฤฤฤฤฤฤฤฤฤฤฤฤฤฤฤฤฤฤฤฤฤฤฤฤฤฤฤฤฤฤฤฤฤฤฤฤฤฤฤฤฤฤฤฤฤฤฤฤฤฤู