
ฺฤฤฤฤฤฤฤฤฤฤฤฤฤฤฤฤฤฤฤฤฤฤฤฤฤฤฤฤฤฤฤฤฤฤฤฤฤฤฤฤฤฤฤฤฤฤฤฤฤฤฤฤฤฤฤฤฤฤฤฤฤฤฤฤฤฤฤฤฤฤฤฤฤฤฤฤฟ
ณ     Dinosoft presenta un documento storico: il primo adventure italiano    ณ
ภฤฤฤฤฤฤฤฤฤฤฤฤฤฤฤฤฤฤฤฤฤฤฤฤฤฤฤฤฤฤฤฤฤฤฤฤฤฤฤฤฤฤฤฤฤฤฤฤฤฤฤฤฤฤฤฤฤฤฤฤฤฤฤฤฤฤฤฤฤฤฤฤฤฤฤฤู
 ฿฿฿฿฿฿฿฿฿฿฿฿฿฿฿฿฿฿฿฿฿฿฿฿฿฿฿฿฿฿฿฿฿฿฿฿฿฿฿฿฿฿฿฿฿฿฿฿฿฿฿฿฿฿฿฿฿฿฿฿฿฿฿฿฿฿฿฿฿฿฿฿฿฿฿฿
           ษอออออออออออออออออออออออออออออออออออออออออออออออออออออออป
           บ   ษออป                           ษออป                 บ
           บ   ฬออน V V E N T U R A   N E L   บ    A S T E L L O   บ
           บ   ส  ส                           ศออผ                 บ
           ศอออออออออออออออออออออออออออออออออออออออออออออออออออออออผ
ฺฤฤฤฤฤฤฤฤฤฤฤฤฤฤฤฤฤฤฤฤฤฤฤฤฤฤฤฤฤฤฤฤฤฤฤฟ                        อต
ณ Gioco ideato e realizzato da:     ณ                         ณ
ณ Enrico Colombini e Chiara Tovena  ณ                   ฦอสอสอต
ณ Versione MS-DOS: Enrico Colombini ณ     ฦอุอต         ณ  ฐ  ณ         ฦอุอต
ณ 4a edizione restaurata (v 4.1)    ณ     ณ   ณ         ณ     ณ         ณ   ณ
ณ (c) Dinosoft 1982 (Apple ][)      ณ     ณ | ฦอสอสอสอสอสอสอสอสอสอสอสอสอต | ณ
ณ (c) Dinosoft (e J.Soft) 1984      ณ     ณ   ณ                         ณ   ณ
ณ (c) Dinosoft (e Hi-Tech) 1987     ณ     ณ   ณ  ส   ส   ษอหอป   ส   ส  ณ   ณ
ณ (c) Dinosoft 1996 (erix@mclink.it)ณ     ณ   ณ          ฬอฮอน          ณ   ณ
ภฤฤฤฤฤฤฤฤฤฤฤฤฤฤฤฤฤฤฤฤฤฤฤฤฤฤฤฤฤฤฤฤฤฤฤู     ิอออฯออออออออออสอสอสออออออออออฯอออพ
 ÜÜÜÜÜÜÜÜÜÜÜÜÜÜÜÜÜÜÜÜÜÜÜÜÜÜÜÜÜÜÜÜÜÜÜÜÜÜÜÜÜÜÜÜÜÜÜÜÜÜÜÜÜÜÜÜÜÜÜÜÜÜÜÜÜÜÜÜÜÜÜÜÜÜÜÜ
ฺฤฤฤฤฤฤฤฤฤฤฤฤฤฤฤฤฤฤฤฤฤฤฤฤฤฤฤฤฤฤฤฤฤฤฤฤฤฤฤฤฤฤฤฤฤฤฤฤฤฤฤฤฤฤฤฤฤฤฤฤฤฤฤฤฤฤฤฤฤฤฤฤฤฤฤฤฟ
ณ    Copyrighted freeware: libera distribuzione purch non venga alterata    ณ
ภฤฤฤฤฤฤฤฤฤฤฤฤฤฤฤฤฤฤฤฤฤฤฤฤฤฤฤฤฤฤฤฤฤฤฤฤฤฤฤฤฤฤฤฤฤฤฤฤฤฤฤฤฤฤฤฤฤฤฤฤฤฤฤฤฤฤฤฤฤฤฤฤฤฤฤฤู