
ฺฤฤฤฤฤฤฤฤฤฤฤฤฤฤฤฤฤฤฤฤฤฤฤฤฤฤฤฤฤฤฤฤฤฤฤฤฤฤฤฤฤฤฤฤฤฤฤฤฤฤฤฤฤฤฤฤฤฤฤฤฤฤฤฤฤฤฤฤฤฤฤฤฤฤฤฤฟ
ณ     Dinosoft presenta un documento storico: il primo adventure italiano    ณ
ภฤฤฤฤฤฤฤฤฤฤฤฤฤฤฤฤฤฤฤฤฤฤฤฤฤฤฤฤฤฤฤฤฤฤฤฤฤฤฤฤฤฤฤฤฤฤฤฤฤฤฤฤฤฤฤฤฤฤฤฤฤฤฤฤฤฤฤฤฤฤฤฤฤฤฤฤู
 ฿฿฿฿฿฿฿฿฿฿฿฿฿฿฿฿฿฿฿฿฿฿฿฿฿฿฿฿฿฿฿฿฿฿฿฿฿฿฿฿฿฿฿฿฿฿฿฿฿฿฿฿฿฿฿฿฿฿฿฿฿฿฿฿฿฿฿฿฿฿฿฿฿฿฿฿
           ษอออออออออออออออออออออออออออออออออออออออออออออออออออออออป
           บ   ษออป                           ษออป                 บ
           บ   ฬออน V V E N T U R A   N E L   บ    A S T E L L O   บ
           บ   ส  ส                           ศออผ                 บ
           ศอออออออออออออออออออออออออออออออออออออออออออออออออออออออผ
ฺฤฤฤฤฤฤฤฤฤฤฤฤฤฤฤฤฤฤฤฤฤฤฤฤฤฤฤฤฤฤฤฤฤฤฤฟ                        อต
ณ Gioco ideato e realizzato da:     ณ                         ณ
ณ - Enrico Colombini, Chiara Tovena ณ                   ฦอสอสอต
ณ (C) Dinosoft 1982,1984,1987,1986  ณ     ฦอุอต         ณ  ฐ  ณ         ฦอุอต
ณ Riprod. col consenso degli autori ณ     ณ   ณ         ณ     ณ         ณ   ณ
ณ Adattamento Javascript di:        ณ     ณ | ฦอสอสอสอสอสอสอสอสอสอสอสอสอต | ณ
ณ - Federico Volpini                ณ     ณ   ณ                         ณ   ณ
ณ Adattamento GraalVM di:           ณ     ณ   ณ  ส   ส   ษอหอป   ส   ส  ณ   ณ
ณ - Francesco Sblendorio            ณ     ณ   ณ          ฬอฮอน          ณ   ณ
ภฤฤฤฤฤฤฤฤฤฤฤฤฤฤฤฤฤฤฤฤฤฤฤฤฤฤฤฤฤฤฤฤฤฤฤู     ิอออฯออออออออออสอสอสออออออออออฯอออพ
 ÜÜÜÜÜÜÜÜÜÜÜÜÜÜÜÜÜÜÜÜÜÜÜÜÜÜÜÜÜÜÜÜÜÜÜÜÜÜÜÜÜÜÜÜÜÜÜÜÜÜÜÜÜÜÜÜÜÜÜÜÜÜÜÜÜÜÜÜÜÜÜÜÜÜÜÜ
ฺฤฤฤฤฤฤฤฤฤฤฤฤฤฤฤฤฤฤฤฤฤฤฤฤฤฤฤฤฤฤฤฤฤฤฤฤฤฤฤฤฤฤฤฤฤฤฤฤฤฤฤฤฤฤฤฤฤฤฤฤฤฤฤฤฤฤฤฤฤฤฤฤฤฤฤฤฟ
ณ Licenza di distribuzione: Attribution-NonCommercial-NoDerivatives 4.0 Int. ณ
ภฤฤฤฤฤฤฤฤฤฤฤฤฤฤฤฤฤฤฤฤฤฤฤฤฤฤฤฤฤฤฤฤฤฤฤฤฤฤฤฤฤฤฤฤฤฤฤฤฤฤฤฤฤฤฤฤฤฤฤฤฤฤฤฤฤฤฤฤฤฤฤฤฤฤฤฤู