ษออออออออออออออออออออออออออออออออออออออป
บ                                      บ
บ      * AVVENTURA NEL CASTELLO *      บ
บ                                      บ
บ di Enrico Colombini e Chiara Tovena  บ
บ                                      บ
บ  (C) Dinosoft 1982,1984,1987,1996    บ
ศออออออออออออออออออออออออออออออออออออออผ

