[0m[31m‹€[1;37;41m‹‹‹‹[0m [31m€[1;37;41m‹‹[0;31m€‹€[1;37;41m‹‹[0;31m€‹€[1;37;41m‹[0;31m€[37m                                    [36m€ﬂ€€€ﬂ€ﬂﬂﬂﬂ€ﬂ€€€ﬂ€€ﬂﬂﬂ€[37m
[31m€[1;37m€[0;31m€ﬂﬂﬂ[37m [31m€[1;37m€[41mﬂ[40m€[41m‹[0;31m€[1;37m€[41mﬂ[40m€[41m‹[0;31m€[1;37m€[0;31m€[37m      ‹‹  ‹‹  ‹‹‹‹                  [36m€[37m [36m‹ﬂ€[37m [36m€[37m [36mﬂﬂ€€[37m [36m€ﬂ€[37m [36m€‹ﬂﬂ€€[37m
[31m€[1;37;41mﬂ‹‹‹‹‹‹[40m€[0;31m€€[1;37;41mﬂ[40m€€[0;31m€€[1;37;41mﬂ[40m€€[0;31m€[37m     €   €  € € € €                 [36m€[37m [36m€€‹[37m [36m€[37m [36mﬂﬂﬂ€[37m [36m‹€‹[37m [36m€ﬂﬂﬂ‹€[37m
 [31mﬂﬂﬂﬂﬂﬂﬂﬂﬂ[37m [31mﬂﬂﬂﬂ[37m [31mﬂﬂﬂﬂ[37m   ﬂ  ﬂﬂ  ﬂﬂ  ﬂ ﬂ ﬂ                 [36mﬂﬂﬂﬂﬂﬂﬂﬂﬂﬂﬂﬂﬂﬂﬂﬂﬂﬂﬂﬂﬂﬂﬂ[37m
