[0m[31m‹€[1;37;41m‹‹‹‹[0;37m [31m€[1;37;41m‹‹[0;31m€‹€[1;37;41m‹‹[0;31m€‹€[1;37;41m‹[0;31m€[37m                                    [1m€ﬂ€€€ﬂ€ﬂﬂﬂﬂ€ﬂ€€€ﬂ€€ﬂﬂﬂ€[0;37m
[31m€[1;37m€[0;31m€ﬂﬂﬂ[37m [31m€[1;37m€[41mﬂ[40m€[41m‹[0;31m€[1;37m€[41mﬂ[40m€[41m‹[0;31m€[1;37m€[0;31m€[37m      ‹‹  ‹‹  ‹‹‹‹                  [1m€[0;37m [1m‹ﬂ€[0;37m [1m€[0;37m [1mﬂﬂ€€[0;37m [1m€ﬂ€[0;37m [1m€‹ﬂﬂ€€[0;37m
[31m€[1;37;41mﬂ‹‹‹‹‹‹[40m€[0;31m€€[1;37;41mﬂ[40m€€[0;31m€€[1;37;41mﬂ[40m€€[0;31m€[37m     €   €  € € € €                 [1m€[0;37m [1m€€‹[0;37m [1m€[0;37m [1mﬂﬂﬂ€[0;37m [1m‹€‹[0;37m [1m€ﬂﬂﬂ‹€[0;37m
 [31mﬂﬂﬂﬂﬂﬂﬂﬂﬂ[37m [31mﬂﬂﬂﬂ[37m [31mﬂﬂﬂﬂ[37m   ﬂ  ﬂﬂ  ﬂﬂ  ﬂ ﬂ ﬂ                 [1mﬂﬂﬂﬂﬂﬂﬂﬂﬂﬂﬂﬂﬂﬂﬂﬂﬂﬂﬂﬂﬂﬂﬂ[0;37m
