[0m[1mÛ฿฿฿฿ÛÛ฿฿฿฿Û฿฿฿฿฿Û฿฿฿฿ÛÛ฿฿฿฿฿Û  ÜÜÜ    Ü   ÜÜÜÜÜÜÜ ÜÜÜ  Ü   Ü  ÜÜÜÜ[0m
[1mÛ ฿฿ ฿Û ฿฿ÛÛÛÛ ฿ÛÛ ฿฿ ฿Û ÛÛ  Û Û   ฿ Ü฿ ฿Ü  Û Û Û  Û  Û Û   Û ฿ÜÜÜ    [0mOnline
[1mÛ  ÛÛ Û  ฿฿ÛÛÛ  ÛÛ  ÛÛ Û ฿฿฿ Û ฿ÜÜÜ฿ Û฿฿฿Û  Û Û Û  Û฿฿  ฿ÜÜÜ฿ ÜÜÜÜ฿     [0mBBS
[1m฿฿฿฿฿฿฿฿฿฿฿฿฿฿฿฿฿฿฿฿฿฿฿฿฿฿฿฿฿฿[0m
[1;36mÛÛ฿฿ÛÜ[0m ษอออออออออออออออออออออออป ษออออออออออออป ษอออออออออออออออออออออออออออออป
[1;36mÛÛÜÜÛ฿[0m บ  [32mÜÜ[34mÛÛÛ[32mÜÜ[37m              บ บ   [1;33mÜÜÛÛÛÜÜ[0m  บ บ [31mÜÜ[37m  [31mÜÜÜÜ[37m                    บ
[1;36mÛÛ[0m  [1;36mÛÛ[0m บ [32mÛÛ[44m฿฿ [34;42m    [37;40m             บ บ  [1;33mÛÛÛÛÛÛÛÛÛ[0m บ บ [31mÛÛ[37m [31mÛÛÛÛÛÛ[37m                   บ
[1;36m฿฿฿฿฿[0m  บ [34mÛ[32;44mÜÜÜ   ฿฿[37;40m Þ[30;47m1[37;40mÝIntl.    บ บ [1;33mÛÛÛÛÛÛ฿฿[0m   บ บ [31mÛÛ[37m [31mÛÛÛÛÛÛ[37m                   บ
[1;34mÛÛ฿฿ÛÜ[0m บ [34m฿Û[32mÛÛ[44m฿   [34;40m฿[37m             บ บ [1;33m฿ÛÛÛÛÛÛÛÜÜ[0m บ บ [31mÛÛ[37m  [31m฿฿฿฿[37m                    บ
[1;34mÛÛÜÜÛ฿[0m บ    [34m฿฿฿[37m                บ บ  [1;33m฿ÛÛÛÛÛÛÛ฿[0m บ บ [31mÛÛ[37m         Þ[30;47m4[37;40mÝ Supporters   บ
[1;34mÛÛ[0m  [1;34mÛÛ[0m บ [32mÛÛÛ[1;37mÛÛÛ[0;31mÛÛÛ[37m             บ บ     [1;33m฿฿฿[0m    บ บ [31m฿฿[37m         Þ[30;47m5[37;40mÝ Publishers   บ
[1;34m฿฿฿฿฿[0m  บ [32mÛÛÛ[1;37mÛÛÛ[0;31mÛÛÛ[37m Þ[30;47m2[37;40mÝItalian  บ บ            บ บ                             บ
[34mÜÛ฿฿ÛÜ[37m บ [32m฿฿฿[1;37m฿฿฿[0;31m฿฿฿[37m             บ บ     Þ[30;47m3[37;40mÝ    บ บ                             บ
[34m฿ÛÜÜÜ[37m  ศอออออออฤ News ฤออออออออผ ศออฤ Games ฤอผ ศอออออออออฤ Patreon ฤอออออออออผ
[34mÜÜ[37m  [34mÛÛ[37m ษออออออออออออออออออออออออออออออออออออออออออออออออออออออออออออออออออออออป
 [34m฿฿฿฿[37m  บ  Þ[30;47mA[37;40mÝ Chat                 Þ[30;47mI[37;40mÝ BASIC Programs                         บ
       บ  Þ[30;47mB[37;40mÝ Private messages     Þ[30;47mJ[37;40mÝ Enigma Machine                         บ
       บ  Þ[30;47mC[37;40mÝ Eliza                                                           บ
       บ  Þ[30;47mD[37;40mÝ Chat GPT             Þ[30;47mV[37;40mÝ Vintage Computer Fest South West 20255 บ
       บ  Þ[30;47mE[37;40mÝ Mistral AI                                                      บ
       บ  Þ[30;47mF[37;40mÝ WiFi Modem                                                      บ
       บ  Þ[30;47mG[37;40mÝ Apple-1 Demo                                                    บ
       บ  Þ[30;47mH[37;40mÝ Wikipedia                                            Þ[30;47m.[37;40mÝ Logout บ
       ศอออออออออออออออออออออออออออฤ Specials ฤอออออออออออออออออออออออออออออออผ