[0m[31m‹[37m [31m‹[37m  [31m‹‹[37m  [31m‹€‹[37m [31m‹[37m [31m‹[37m  [31m‹‹[37m   ‹‹‹  ‹‹  ‹‹‹  ‹‹€  ‹‹  ‹‹‹‹  ‹  ‹
[31m€ﬂ[37m  [31m€‹ﬂﬂ[37m  [31m€[37m  [31m€ﬂ[37m  [31m€[37m  [31m€[37m €  € €   €  € €  € €‹ﬂﬂ € € € €  €              Online
[31mﬂ[37m    [31mﬂﬂ[37m    [31mﬂ[37m [31mﬂ[37m    [31mﬂﬂ[37m   ﬂﬂﬂ  ﬂﬂ  ﬂﬂﬂ  ﬂﬂﬂ  ﬂﬂ  ﬂ ﬂ ﬂ  ﬂﬂ€ [32mﬂﬂﬂﬂ[37m           BBS
                                                     ﬂﬂ
